// Jest Snapshot v1, https://goo.gl/fbAQLP

exports[`parseTransactionsFile.test should match the parsed snapshot 1`] = `
Array [
  Object {
    "customer_id": "528",
    "id": "15887",
    "load_amount": 3318.47,
    "time": 946684800000,
  },
  Object {
    "customer_id": "154",
    "id": "30081",
    "load_amount": 1413.18,
    "time": 946684800000,
  },
  Object {
    "customer_id": "426",
    "id": "26540",
    "load_amount": 404.56,
    "time": 946684800000,
  },
  Object {
    "customer_id": "1",
    "id": "10694",
    "load_amount": 785.11,
    "time": 946684800000,
  },
  Object {
    "customer_id": "205",
    "id": "15089",
    "load_amount": 2247.28,
    "time": 946684800000,
  },
  Object {
    "customer_id": "409",
    "id": "3211",
    "load_amount": 314.45,
    "time": 946684800000,
  },
  Object {
    "customer_id": "630",
    "id": "27106",
    "load_amount": 1404.95,
    "time": 946684800000,
  },
  Object {
    "customer_id": "273",
    "id": "7528",
    "load_amount": 5862.58,
    "time": 946684800000,
  },
  Object {
    "customer_id": "800",
    "id": "27947",
    "load_amount": 3382.87,
    "time": 946684800000,
  },
]
`;
